Microchip MPLAB XC8 Compiler V1.44 ()

Linker command line:

-W-3 --edf=C:\Program Files (x86)\Microchip\xc8\v1.44\dat\en_msgs.txt -cs \
  -h+dist/default/production\LoRaWAN_1_10_NA_To_KR.X.production.sym \
  --cmf=dist/default/production\LoRaWAN_1_10_NA_To_KR.X.production.cmf -z \
  -Q18LF46K22 -oC:\Users\±Ë¡¯»Ò\AppData\Local\Temp\s98c.2 \
  -Mdist/default/production/LoRaWAN_1_10_NA_To_KR.X.production.map -E1 \
  -ver=XC8 -ASTACK=09E4h-0f37h -pstack=STACK -ACODE=00h-0FFFFh \
  -ACONST=00h-0FFFFh -ASMALLCONST=01000h-010FFhx240 \
  -AMEDIUMCONST=01000h-0FFFFh -ACOMRAM=01h-05Fh -AABS1=00h-0F37h \
  -ABIGRAM=01h-0F37h -ARAM=060h-0FFh,0100h-01FFhx14,0F00h-0F37h \
  -ABANK0=060h-0FFh -ABANK1=0100h-01FFh -ABANK2=0200h-02FFh \
  -ABANK3=0300h-03FFh -ABANK4=0400h-04FFh -ABANK5=0500h-05FFh \
  -ABANK6=0600h-06FFh -ABANK7=0700h-07FFh -ABANK8=0800h-08FFh \
  -ABANK9=0900h-09FFh -ABANK10=0A00h-0AFFh -ABANK11=0B00h-0BFFh \
  -ABANK12=0C00h-0CFFh -ABANK13=0D00h-0DFFh -ABANK14=0E00h-0EFFh \
  -ABANK15=0F00h-0F37h -ASFR=0F38h-0F5Fh,0F60h-0FFFh \
  -preset_vec=00h,intcode=08h,intcodelo,powerup,init -pramtop=01000h \
  -psmallconst=SMALLCONST -pmediumconst=MEDIUMCONST -pconst=CONST \
  -AFARRAM=00h-00h -ACONFIG=0300000h-030000Dh -pconfig=CONFIG \
  -AIDLOC=0200000h-0200007h -pidloc=IDLOC -AEEDATA=0F00000h-0F003FFh \
  -peeprom_data=EEDATA \
  -prdata=COMRAM,nvrram=COMRAM,nvbit=COMRAM,rbss=COMRAM,rbit=COMRAM \
  -pfarbss=FARRAM,fardata=FARRAM,nvFARRAM=FARRAM \
  -pintsave_regs=BIGRAM,bigbss=BIGRAM,bigdata=BIGRAM -pbss=RAM \
  -pidata=CODE,irdata=CODE,ibigdata=CODE,ifardata=CODE -prparam=COMRAM \
  C:\Users\±Ë¡¯»Ò\AppData\Local\Temp\s98c.obj \
  dist/default/production\LoRaWAN_1_10_NA_To_KR.X.production.obj 

Object code version is 3.11

Machine type is 18LF46K22

Call graph: (short form)




                Name                               Link     Load   Length Selector   Space Scale
C:\Users\±Ë¡¯»Ò\AppData\Local\Temp\s98c.obj
                stack                               9E4      9E4      554      9E4       2
                init                                 A0       A0        8        4       0
                reset_vec                             0        0        4        0       0
                idloc                            200000   200000        8   200000       0
                config                           300000   300000        E   300000       0
dist/default/production\LoRaWAN_1_10_NA_To_KR.X.production.obj
                intcode                               8        8       98        4       0
                temp                                 48       48        C        1       1
                mediumconst                        F8E2     F8E2      71E     7C71       0
                text251                            884A     884A       2E     3F1C       0
                text250                            8790     8790       30     3F1C       0
                text249                            9052     9052        2     3F1C       0
                text248                            9012     9012        6     3F1C       0
                text247                            8C66     8C66       20     3F1C       0
                text246                            8FE0     8FE0        8     3F1C       0
                text245                            9050     9050        2     3F1C       0
                text244                            900C     900C        6     3F1C       0
                text243                            8C46     8C46       20     3F1C       0
                text242                            8FD8     8FD8        8     3F1C       0
                text241                            904E     904E        2     3F1C       0
                text240                            9006     9006        6     3F1C       0
                text239                            8C26     8C26       20     3F1C       0
                text238                            8FCE     8FCE        A     3F1C       0
                text237                            8CE0     8CE0       1E     3F1C       0
                text236                            469A     469A      16A        4       0
                text235                            585E     585E       FE        4       0
                text234                            8D1A     8D1A       1C     3F1C       0
                text233                            80FC     80FC       44     3F1C       0
                text232                            7B58     7B58       58        4       0
                text231                            904C     904C        2     3F1C       0
                text230                            8C06     8C06       20     3F1C       0
                text229                            8E60     8E60       12     3F1C       0
                text227                            2FAE     2FAE      2AC        4       0
                text226                            4804     4804      164        4       0
                text225                            23D4     23D4      34A        4       0
                text224                            7874     7874       60        4       0
                text223                            850C     850C       36     3F1C       0
                text222                            76F2     76F2       62        4       0
                text221                            8760     8760       30     3F1C       0
                text220                            4C14     4C14      14C        4       0
                text219                            202A     202A      3AA        4       0
                text218                            7690     7690       62        4       0
                text217                            80B8     80B8       44     3F1C       0
                text216                            7B00     7B00       58        4       0
                text215                            7A4A     7A4A       5C        4       0
                text214                            8B24     8B24       22     3F1C       0
                text213                            4220     4220      190        4       0
                text212                            903C     903C        4     3F1C       0
                text211                            9038     9038        4     3F1C       0
                text210                            8E4E     8E4E       12     3F1C       0
                text209                            8EFE     8EFE        E     3F1C       0
                text208                            8BE6     8BE6       20     3F1C       0
                text207                            7140     7140       84        4       0
                text206                            7560     7560       68        4       0
                text205                            748E     748E       6A        4       0
                text204                            74F8     74F8       68        4       0
                text203                            5C38     5C38       F0        4       0
                text202                            8F18     8F18        C     3F1C       0
                text201                            899A     899A       28     3F1C       0
                text200                            8730     8730       30     3F1C       0
                text199                            5760     5760       FE        4       0
                text198                            5B48     5B48       F0        4       0
                text197                            1318     1318      500        4       0
                text196                            8074     8074       44     3F1C       0
                text195                            8BC6     8BC6       20     3F1C       0
                text194                            4086     4086      19A        4       0
                text193                            565E     565E      102        4       0
                text192                            8BA6     8BA6       20     3F1C       0
                text191                            7ED0     7ED0       4A     3F1C       0
                text190                            6C4A     6C4A       96        4       0
                text189                            6BB4     6BB4       96        4       0
                text188                            8972     8972       28     3F1C       0
                text187                            325A     325A      23A        4       0
                text186                            7CFE     7CFE       50        4       0
                text185                            8FC4     8FC4        A     3F1C       0
                text184                            8FBA     8FBA        A     3F1C       0
                text183                            6FAA     6FAA       8A        4       0
                text182                            8FB0     8FB0        A     3F1C       0
                text181                            8FA6     8FA6        A     3F1C       0
                text180                            8F9C     8F9C        A     3F1C       0
                text179                            8F92     8F92        A     3F1C       0
                text178                            5452     5452      10A        4       0
                text177                            555C     555C      102        4       0
                text176                            8D84     8D84       1A     3F1C       0
                text175                            6594     6594       C2        4       0
                text174                            849E     849E       38     3F1C       0
                text173                            6E94     6E94       8C        4       0
                text172                            7CAC     7CAC       52        4       0
                text171                            8030     8030       44     3F1C       0
                text170                            9034     9034        4     3F1C       0
                text169                            9030     9030        4     3F1C       0
                text168                            8D6A     8D6A       1A     3F1C       0
                text167                            7F62     7F62       46     3F1C       0
                text166                            7FEC     7FEC       44     3F1C       0
                text165                            3AF8     3AF8      1EE        4       0
                text164                            8F88     8F88        A     3F1C       0
                text163                            7C5A     7C5A       52        4       0
                text162                            5D28     5D28       EA        4       0
                text161                            43B0     43B0      17E        4       0
                text160                            69DA     69DA       A8        4       0
                text159                            5FDE     5FDE       DE        4       0
                text158                            8ED2     8ED2       10     3F1C       0
                text157                            7814     7814       60        4       0
                text156                            8F7E     8F7E        A     3F1C       0
                text155                            8DE6     8DE6       18     3F1C       0
                text154                            8F0C     8F0C        C     3F1C       0
                text153                            8F74     8F74        A     3F1C       0
                text152                            8DCE     8DCE       18     3F1C       0
                text151                            8466     8466       38     3F1C       0
                text150                            8DB6     8DB6       18     3F1C       0
                text149                            881C     881C       2E     3F1C       0
                text148                            87EE     87EE       2E     3F1C       0
                text147                            88A4     88A4       2C     3F1C       0
                text146                            4968     4968      15E        4       0
                text145                            8B86     8B86       20     3F1C       0
                text144                            8A56     8A56       24     3F1C       0
                text143                            8E28     8E28       14     3F1C       0
                text142                            9000     9000        6     3F1C       0
                text141                            904A     904A        2     3F1C       0
                text140                            894A     894A       28     3F1C       0
                text139                            8B02     8B02       22     3F1C       0
                text138                             D2E      D2E      5EA        4       0
                text137                            6192     6192       D6        4       0
                text136                            7990     7990       5E        4       0
                text135                            7E84     7E84       4C     3F1C       0
                text134                            863E     863E       32     3F1C       0
                text133                            6406     6406       C8        4       0
                text132                            6B1C     6B1C       98        4       0
                text131                            6CE0     6CE0       94        4       0
                text130                            9048     9048        2     3F1C       0
                text129                            6E04     6E04       90        4       0
                text128                            2CEC     2CEC      2C2        4       0
                text127                            8244     8244       40     3F1C       0
                text126                            4E9C     4E9C      130        4       0
                text125                            7932     7932       5E        4       0
                text124                            71C4     71C4       82        4       0
                text123                            692E     692E       AC        4       0
                text122                            70BA     70BA       86        4       0
                text121                            7AA6     7AA6       5A        4       0
                text120                            633C     633C       CA        4       0
                text119                            5A54     5A54       F4        4       0
                text118                            7034     7034       86        4       0
                text117                            3CE6     3CE6      1D8        4       0
                text116                            60BC     60BC       D6        4       0
                text115                            8FFA     8FFA        6     3F1C       0
                text114                            1818     1818      462        4       0
                text113                            1C7A     1C7A      3B0        4       0
                text112                            77B4     77B4       60        4       0
                text111                            8AE0     8AE0       22     3F1C       0
                text110                            595C     595C       F8        4       0
                text109                            8F6A     8F6A        A     3F1C       0
                text108                            89E8     89E8       26     3F1C       0
                text107                            8D50     8D50       1A     3F1C       0
                text106                            8A32     8A32       24     3F1C       0
                text105                            7FA8     7FA8       44     3F1C       0
                text104                            6656     6656       BA        4       0
                text103                            83F2     83F2       3C     3F1C       0
                text102                            8B66     8B66       20     3F1C       0
                text101                            2A14     2A14      2D8        4       0
                text100                            860C     860C       32     3F1C       0
                text99                             8CC2     8CC2       1E     3F1C       0
                text98                             8700     8700       30     3F1C       0
                text97                             8A0E     8A0E       24     3F1C       0
                text96                             8182     8182       42     3F1C       0
                text95                             8542     8542       34     3F1C       0
                text94                             3EBE     3EBE      1C8        4       0
                text93                             8DFE     8DFE       16     3F1C       0
                text92                             741E     741E       70        4       0
                text91                             8D9E     8D9E       18     3F1C       0
                text90                             38E4     38E4      214        4       0
                text89                             8140     8140       42     3F1C       0
                text88                             8922     8922       28     3F1C       0
                text87                             271E     271E      2F6        4       0
                text86                             842E     842E       38     3F1C       0
                text85                             87C0     87C0       2E     3F1C       0
                text84                             8F60     8F60        A     3F1C       0
                text83                             8F56     8F56        A     3F1C       0
                text82                             79EE     79EE       5C        4       0
                text81                             88D0     88D0       2A     3F1C       0
                text80                             3494     3494      232        4       0
                text79                             8FF4     8FF4        6     3F1C       0
                text78                             8E3C     8E3C       12     3F1C       0
                text77                             8E14     8E14       14     3F1C       0
                text76                             7246     7246       7A        4       0
                text75                             72C0     72C0       78        4       0
                text74                             9046     9046        2     3F1C       0
                text73                             9044     9044        2     3F1C       0
                text72                             8CFE     8CFE       1C     3F1C       0
                text71                             73AC     73AC       72        4       0
                text70                               A8       A8      C86        4       0
                text69                             4FCC     4FCC      12E        4       0
                text68                             78D4     78D4       5E        4       0
                text67                             67C8     67C8       B6        4       0
                text66                             75C8     75C8       66        4       0
                text65                             5EF8     5EF8       E6        4       0
                text64                             50FA     50FA      128        4       0
                text63                             85DA     85DA       32     3F1C       0
                text62                             6D74     6D74       90        4       0
                text61                             8204     8204       40     3F1C       0
                text60                             86D0     86D0       30     3F1C       0
                text59                             7D9C     7D9C       4E        4       0
                text58                             7BB0     7BB0       56        4       0
                text57                             8ABE     8ABE       22     3F1C       0
                text56                             85A8     85A8       32     3F1C       0
                text55                             88FA     88FA       28     3F1C       0
                text54                             64CE     64CE       C6        4       0
                text53                             762E     762E       62        4       0
                text52                             7338     7338       74        4       0
                text51                             6710     6710       B8        4       0
                text50                             6268     6268       D4        4       0
                text49                             452E     452E      16C        4       0
                text48                             533A     533A      118        4       0
                text47                             89C2     89C2       26     3F1C       0
                text46                             4D60     4D60      13C        4       0
                text45                             6A82     6A82       9A        4       0
                text44                             8300     8300       3E     3F1C       0
                text43                             7F1A     7F1A       48     3F1C       0
                text42                             8CA4     8CA4       1E     3F1C       0
                text41                             8C86     8C86       1E     3F1C       0
                text40                             902C     902C        4     3F1C       0
                text39                             5E12     5E12       E6        4       0
                text38                             8576     8576       32     3F1C       0
                text37                             7E38     7E38       4C     3F1C       0
                text36                             36C6     36C6      21E        4       0
                text35                             9028     9028        4     3F1C       0
                text34                             82C2     82C2       3E     3F1C       0
                text33                             8878     8878       2C     3F1C       0
                text32                             687E     687E       B0        4       0
                text31                             5222     5222      118        4       0
                text30                             8284     8284       3E     3F1C       0
                text29                             8D36     8D36       1A     3F1C       0
                text28                             6F20     6F20       8A        4       0
                text27                             9024     9024        4     3F1C       0
                text26                             86A0     86A0       30     3F1C       0
                text25                             7D4E     7D4E       4E        4       0
                text24                             84D6     84D6       36     3F1C       0
                text23                             8F4C     8F4C        A     3F1C       0
                text22                             8F42     8F42        A     3F1C       0
                text21                             8F38     8F38        A     3F1C       0
                text20                             83B6     83B6       3C     3F1C       0
                text19                             9020     9020        4     3F1C       0
                text18                             8EC2     8EC2       10     3F1C       0
                text17                             8EB2     8EB2       10     3F1C       0
                text16                             8F2E     8F2E        A     3F1C       0
                text15                             8EA2     8EA2       10     3F1C       0
                text14                             9042     9042        2     3F1C       0
                text13                             9040     9040        2     3F1C       0
                text12                             8E92     8E92       10     3F1C       0
                text11                             8FEE     8FEE        6     3F1C       0
                text10                             8F24     8F24        A     3F1C       0
                text9                              8E82     8E82       10     3F1C       0
                text8                              8A9C     8A9C       22     3F1C       0
                text7                              8EF0     8EF0        E     3F1C       0
                text6                              7C06     7C06       54        4       0
                text5                              8EE2     8EE2        E     3F1C       0
                text4                              901C     901C        4     3F1C       0
                text3                              8670     8670       30     3F1C       0
                text2                              8A7A     8A7A       22     3F1C       0
                text1                              8FE8     8FE8        6     3F1C       0
                text0                              837A     837A       3C     3F1C       0
                cstackCOMRAM                          1        1       3B        1       1
                cstackBANK0                          60       60       A0       60       1
                cstackBANK1                         100      100      100      100       1
                cstackBANK2                         2A9      2A9       23      200       1
                bssBIGRAM                           7C6      7C6      21E      7C6       1
                dataBANK7                           766      766       60      700       1
                bssBANK7                            700      700       66      700       1
                dataBANK6                           698      698       40      600       1
                bssBANK6                            600      600       98      600       1
                dataBANK5                           594      594       3C      500       1
                bssBANK5                            500      500       94      500       1
                dataBANK4                           4B0      4B0       4D      400       1
                bssBANK4                            400      400       B0      400       1
                dataBANK3                           3E7      3E7       10      300       1
                bssBANK3                            300      300       E7      300       1
                dataBANK2                           2CC      2CC       20      200       1
                bssBANK2                            200      200       A9      200       1
                dataCOMRAM                           54       54        4        1       1
                bssCOMRAM                            3C       3C        C        1       1
                cinit                              4AC6     4AC6      14E        4       0
                nvBANK2                             2EC      2EC        D      200       1
                idataBANK7                         7754     7754       60        4       0
                idataBANK6                         81C4     81C4       40     3F1C       0
                idataBANK5                         833E     833E       3C     3F1C       0
                idataBANK4                         7DEA     7DEA       4D        4       0
                idataBANK3                         8E72     8E72       10     3F1C       0
                idataBANK2                         8B46     8B46       20     3F1C       0
                idataCOMRAM                        9018     9018        4     3F1C       0

TOTAL           Name                               Link     Load   Length     Space
        CLASS   STACK          
                stack                               9E4      9E4      554         2

        CLASS   CODE           
                intcode                               8        8       98         0
                init                                 A0       A0        8         0
                reset_vec                             0        0        4         0
                text251                            884A     884A       2E         0
                text250                            8790     8790       30         0
                text249                            9052     9052        2         0
                text248                            9012     9012        6         0
                text247                            8C66     8C66       20         0
                text246                            8FE0     8FE0        8         0
                text245                            9050     9050        2         0
                text244                            900C     900C        6         0
                text243                            8C46     8C46       20         0
                text242                            8FD8     8FD8        8         0
                text241                            904E     904E        2         0
                text240                            9006     9006        6         0
                text239                            8C26     8C26       20         0
                text238                            8FCE     8FCE        A         0
                text237                            8CE0     8CE0       1E         0
                text236                            469A     469A      16A         0
                text235                            585E     585E       FE         0
                text234                            8D1A     8D1A       1C         0
                text233                            80FC     80FC       44         0
                text232                            7B58     7B58       58         0
                text231                            904C     904C        2         0
                text230                            8C06     8C06       20         0
                text229                            8E60     8E60       12         0
                text227                            2FAE     2FAE      2AC         0
                text226                            4804     4804      164         0
                text225                            23D4     23D4      34A         0
                text224                            7874     7874       60         0
                text223                            850C     850C       36         0
                text222                            76F2     76F2       62         0
                text221                            8760     8760       30         0
                text220                            4C14     4C14      14C         0
                text219                            202A     202A      3AA         0
                text218                            7690     7690       62         0
                text217                            80B8     80B8       44         0
                text216                            7B00     7B00       58         0
                text215                            7A4A     7A4A       5C         0
                text214                            8B24     8B24       22         0
                text213                            4220     4220      190         0
                text212                            903C     903C        4         0
                text211                            9038     9038        4         0
                text210                            8E4E     8E4E       12         0
                text209                            8EFE     8EFE        E         0
                text208                            8BE6     8BE6       20         0
                text207                            7140     7140       84         0
                text206                            7560     7560       68         0
                text205                            748E     748E       6A         0
                text204                            74F8     74F8       68         0
                text203                            5C38     5C38       F0         0
                text202                            8F18     8F18        C         0
                text201                            899A     899A       28         0
                text200                            8730     8730       30         0
                text199                            5760     5760       FE         0
                text198                            5B48     5B48       F0         0
                text197                            1318     1318      500         0
                text196                            8074     8074       44         0
                text195                            8BC6     8BC6       20         0
                text194                            4086     4086      19A         0
                text193                            565E     565E      102         0
                text192                            8BA6     8BA6       20         0
                text191                            7ED0     7ED0       4A         0
                text190                            6C4A     6C4A       96         0
                text189                            6BB4     6BB4       96         0
                text188                            8972     8972       28         0
                text187                            325A     325A      23A         0
                text186                            7CFE     7CFE       50         0
                text185                            8FC4     8FC4        A         0
                text184                            8FBA     8FBA        A         0
                text183                            6FAA     6FAA       8A         0
                text182                            8FB0     8FB0        A         0
                text181                            8FA6     8FA6        A         0
                text180                            8F9C     8F9C        A         0
                text179                            8F92     8F92        A         0
                text178                            5452     5452      10A         0
                text177                            555C     555C      102         0
                text176                            8D84     8D84       1A         0
                text175                            6594     6594       C2         0
                text174                            849E     849E       38         0
                text173                            6E94     6E94       8C         0
                text172                            7CAC     7CAC       52         0
                text171                            8030     8030       44         0
                text170                            9034     9034        4         0
                text169                            9030     9030        4         0
                text168                            8D6A     8D6A       1A         0
                text167                            7F62     7F62       46         0
                text166                            7FEC     7FEC       44         0
                text165                            3AF8     3AF8      1EE         0
                text164                            8F88     8F88        A         0
                text163                            7C5A     7C5A       52         0
                text162                            5D28     5D28       EA         0
                text161                            43B0     43B0      17E         0
                text160                            69DA     69DA       A8         0
                text159                            5FDE     5FDE       DE         0
                text158                            8ED2     8ED2       10         0
                text157                            7814     7814       60         0
                text156                            8F7E     8F7E        A         0
                text155                            8DE6     8DE6       18         0
                text154                            8F0C     8F0C        C         0
                text153                            8F74     8F74        A         0
                text152                            8DCE     8DCE       18         0
                text151                            8466     8466       38         0
                text150                            8DB6     8DB6       18         0
                text149                            881C     881C       2E         0
                text148                            87EE     87EE       2E         0
                text147                            88A4     88A4       2C         0
                text146                            4968     4968      15E         0
                text145                            8B86     8B86       20         0
                text144                            8A56     8A56       24         0
                text143                            8E28     8E28       14         0
                text142                            9000     9000        6         0
                text141                            904A     904A        2         0
                text140                            894A     894A       28         0
                text139                            8B02     8B02       22         0
                text138                             D2E      D2E      5EA         0
                text137                            6192     6192       D6         0
                text136                            7990     7990       5E         0
                text135                            7E84     7E84       4C         0
                text134                            863E     863E       32         0
                text133                            6406     6406       C8         0
                text132                            6B1C     6B1C       98         0
                text131                            6CE0     6CE0       94         0
                text130                            9048     9048        2         0
                text129                            6E04     6E04       90         0
                text128                            2CEC     2CEC      2C2         0
                text127                            8244     8244       40         0
                text126                            4E9C     4E9C      130         0
                text125                            7932     7932       5E         0
                text124                            71C4     71C4       82         0
                text123                            692E     692E       AC         0
                text122                            70BA     70BA       86         0
                text121                            7AA6     7AA6       5A         0
                text120                            633C     633C       CA         0
                text119                            5A54     5A54       F4         0
                text118                            7034     7034       86         0
                text117                            3CE6     3CE6      1D8         0
                text116                            60BC     60BC       D6         0
                text115                            8FFA     8FFA        6         0
                text114                            1818     1818      462         0
                text113                            1C7A     1C7A      3B0         0
                text112                            77B4     77B4       60         0
                text111                            8AE0     8AE0       22         0
                text110                            595C     595C       F8         0
                text109                            8F6A     8F6A        A         0
                text108                            89E8     89E8       26         0
                text107                            8D50     8D50       1A         0
                text106                            8A32     8A32       24         0
                text105                            7FA8     7FA8       44         0
                text104                            6656     6656       BA         0
                text103                            83F2     83F2       3C         0
                text102                            8B66     8B66       20         0
                text101                            2A14     2A14      2D8         0
                text100                            860C     860C       32         0
                text99                             8CC2     8CC2       1E         0
                text98                             8700     8700       30         0
                text97                             8A0E     8A0E       24         0
                text96                             8182     8182       42         0
                text95                             8542     8542       34         0
                text94                             3EBE     3EBE      1C8         0
                text93                             8DFE     8DFE       16         0
                text92                             741E     741E       70         0
                text91                             8D9E     8D9E       18         0
                text90                             38E4     38E4      214         0
                text89                             8140     8140       42         0
                text88                             8922     8922       28         0
                text87                             271E     271E      2F6         0
                text86                             842E     842E       38         0
                text85                             87C0     87C0       2E         0
                text84                             8F60     8F60        A         0
                text83                             8F56     8F56        A         0
                text82                             79EE     79EE       5C         0
                text81                             88D0     88D0       2A         0
                text80                             3494     3494      232         0
                text79                             8FF4     8FF4        6         0
                text78                             8E3C     8E3C       12         0
                text77                             8E14     8E14       14         0
                text76                             7246     7246       7A         0
                text75                             72C0     72C0       78         0
                text74                             9046     9046        2         0
                text73                             9044     9044        2         0
                text72                             8CFE     8CFE       1C         0
                text71                             73AC     73AC       72         0
                text70                               A8       A8      C86         0
                text69                             4FCC     4FCC      12E         0
                text68                             78D4     78D4       5E         0
                text67                             67C8     67C8       B6         0
                text66                             75C8     75C8       66         0
                text65                             5EF8     5EF8       E6         0
                text64                             50FA     50FA      128         0
                text63                             85DA     85DA       32         0
                text62                             6D74     6D74       90         0
                text61                             8204     8204       40         0
                text60                             86D0     86D0       30         0
                text59                             7D9C     7D9C       4E         0
                text58                             7BB0     7BB0       56         0
                text57                             8ABE     8ABE       22         0
                text56                             85A8     85A8       32         0
                text55                             88FA     88FA       28         0
                text54                             64CE     64CE       C6         0
                text53                             762E     762E       62         0
                text52                             7338     7338       74         0
                text51                             6710     6710       B8         0
                text50                             6268     6268       D4         0
                text49                             452E     452E      16C         0
                text48                             533A     533A      118         0
                text47                             89C2     89C2       26         0
                text46                             4D60     4D60      13C         0
                text45                             6A82     6A82       9A         0
                text44                             8300     8300       3E         0
                text43                             7F1A     7F1A       48         0
                text42                             8CA4     8CA4       1E         0
                text41                             8C86     8C86       1E         0
                text40                             902C     902C        4         0
                text39                             5E12     5E12       E6         0
                text38                             8576     8576       32         0
                text37                             7E38     7E38       4C         0
                text36                             36C6     36C6      21E         0
                text35                             9028     9028        4         0
                text34                             82C2     82C2       3E         0
                text33                             8878     8878       2C         0
                text32                             687E     687E       B0         0
                text31                             5222     5222      118         0
                text30                             8284     8284       3E         0
                text29                             8D36     8D36       1A         0
                text28                             6F20     6F20       8A         0
                text27                             9024     9024        4         0
                text26                             86A0     86A0       30         0
                text25                             7D4E     7D4E       4E         0
                text24                             84D6     84D6       36         0
                text23                             8F4C     8F4C        A         0
                text22                             8F42     8F42        A         0
                text21                             8F38     8F38        A         0
                text20                             83B6     83B6       3C         0
                text19                             9020     9020        4         0
                text18                             8EC2     8EC2       10         0
                text17                             8EB2     8EB2       10         0
                text16                             8F2E     8F2E        A         0
                text15                             8EA2     8EA2       10         0
                text14                             9042     9042        2         0
                text13                             9040     9040        2         0
                text12                             8E92     8E92       10         0
                text11                             8FEE     8FEE        6         0
                text10                             8F24     8F24        A         0
                text9                              8E82     8E82       10         0
                text8                              8A9C     8A9C       22         0
                text7                              8EF0     8EF0        E         0
                text6                              7C06     7C06       54         0
                text5                              8EE2     8EE2        E         0
                text4                              901C     901C        4         0
                text3                              8670     8670       30         0
                text2                              8A7A     8A7A       22         0
                text1                              8FE8     8FE8        6         0
                text0                              837A     837A       3C         0
                cinit                              4AC6     4AC6      14E         0
                idataBANK7                         7754     7754       60         0
                idataBANK6                         81C4     81C4       40         0
                idataBANK5                         833E     833E       3C         0
                idataBANK4                         7DEA     7DEA       4D         0
                idataBANK3                         8E72     8E72       10         0
                idataBANK2                         8B46     8B46       20         0
                idataCOMRAM                        9018     9018        4         0

        CLASS   CONST          

        CLASS   SMALLCONST     

        CLASS   MEDIUMCONST    
                mediumconst                        F8E2     F8E2      71E         0

        CLASS   COMRAM         
                temp                                 48       48        C         1
                cstackCOMRAM                          1        1       3B         1
                dataCOMRAM                           54       54        4         1
                bssCOMRAM                            3C       3C        C         1

        CLASS   ABS1           

        CLASS   BIGRAM         
                bssBIGRAM                           7C6      7C6      21E         1

        CLASS   RAM            

        CLASS   BANK0          
                cstackBANK0                          60       60       A0         1

        CLASS   BANK1          
                cstackBANK1                         100      100      100         1

        CLASS   BANK2          
                cstackBANK2                         2A9      2A9       23         1
                dataBANK2                           2CC      2CC       20         1
                bssBANK2                            200      200       A9         1
                nvBANK2                             2EC      2EC        D         1

        CLASS   BANK3          
                dataBANK3                           3E7      3E7       10         1
                bssBANK3                            300      300       E7         1

        CLASS   BANK4          
                dataBANK4                           4B0      4B0       4D         1
                bssBANK4                            400      400       B0         1

        CLASS   BANK5          
                dataBANK5                           594      594       3C         1
                bssBANK5                            500      500       94         1

        CLASS   BANK6          
                dataBANK6                           698      698       40         1
                bssBANK6                            600      600       98         1

        CLASS   BANK7          
                dataBANK7                           766      766       60         1
                bssBANK7                            700      700       66         1

        CLASS   BANK8          

        CLASS   BANK9          

        CLASS   BANK10         

        CLASS   BANK11         

        CLASS   BANK12         

        CLASS   BANK13         

        CLASS   BANK14         

        CLASS   BANK15         

        CLASS   SFR            

        CLASS   FARRAM         

        CLASS   CONFIG         
                config                           300000   300000        E         0

        CLASS   IDLOC          
                idloc                            200000   200000        8         0

        CLASS   EEDATA         



SEGMENTS        Name                           Load    Length   Top    Selector   Space  Class

                reset_vec                      000000  000004  000004         0       0  CODE    
                cstackCOMRAM                   000001  000057  000058         1       1  COMRAM  
                intcode                        000008  007E2F  007E37         4       0  CODE    
                cstackBANK0                    000060  0000A0  000100        60       1  BANK0   
                cstackBANK1                    000100  000100  000200       100       1  BANK1   
                bssBANK2                       000200  0000F9  0002F9       200       1  BANK2   
                bssBANK3                       000300  0000F7  0003F7       300       1  BANK3   
                bssBANK4                       000400  0000FD  0004FD       400       1  BANK4   
                bssBANK5                       000500  0000D0  0005D0       500       1  BANK5   
                bssBANK6                       000600  0000D8  0006D8       600       1  BANK6   
                bssBANK7                       000700  0000C6  0007C6       700       1  BANK7   
                bssBIGRAM                      0007C6  00021E  0009E4       7C6       1  BIGRAM  
                stack                          0009E4  000554  000F38       9E4       2  STACK   
                text37                         007E38  00121C  009054      3F1C       0  CODE    
                mediumconst                    00F8E2  00071E  010000      7C71       0  MEDIUMCO
                idloc                          200000  000008  200008    200000       0  IDLOC   
                config                         300000  00000E  30000E    300000       0  CONFIG  


UNUSED ADDRESS RANGES

        Name                Unused          Largest block    Delta
        BANK10           000A00-000AFF              100
        BANK11           000B00-000BFF              100
        BANK12           000C00-000CFF              100
        BANK13           000D00-000DFF              100
        BANK14           000E00-000EFF              100
        BANK15           000F00-000F37               38
        BANK2            0002F9-0002FF                7
        BANK3            0003F7-0003FF                9
        BANK4            0004FD-0004FF                3
        BANK5            0005D0-0005FF               30
        BANK6            0006D8-0006FF               28
        BANK9            0009E4-0009FF               1C
        BIGRAM           000058-00005F                8
                         0002F9-0002FF                7
                         0003F7-0003FF                9
                         0004FD-0004FF                3
                         0005D0-0005FF               30
                         0006D8-0006FF               28
                         0009E4-000F37              554
        CODE             000004-000007                4
                         007E37-007E37                1
                         009054-00F8E1             688E
        COMRAM           000058-00005F                8
        CONST            000004-000007                4
                         007E37-007E37                1
                         009054-00F8E1             688E
        EEDATA           F00000-F003FF              400
        MEDIUMCONST      007E37-007E37                1
                         009054-00F8E1             688E
        RAM              0002F9-0002FF                7
                         0003F7-0003FF                9
                         0004FD-0004FF                3
                         0005D0-0005FF               30
                         0006D8-0006FF               28
                         0009E4-000F37              100
        SFR              000F38-000FFF               28
        SMALLCONST       007E37-007E37                1
                         009054-00F8E1              100

                                  Symbol Table

?_ComputeMic                                              cstackBANK0  0000C7
?_ExecuteDevStatus                                        cstackBANK0  000060
?_ExecuteDutyCycle                                        cstackBANK0  000060
?_ExecuteLinkAdr                                          cstackBANK0  000070
?_ExecuteLinkCheck                                        cstackBANK0  000060
?_ExecuteNewChannel                                       cstackBANK0  0000AF
?_ExecuteRxParamSetupReq                                  cstackBANK0  0000A6
?_ExecuteRxTimingSetup                                    cstackBANK0  000067
?_ExtractMic                                              cstackBANK0  00006B
?_GenerateKRFrequency                                     cstackBANK0  0000A6
?_GetRx1Freq                                              cstackBANK0  0000AF
?_InterpretServerCommands                                 cstackBANK0  0000D1
?_LedControl                                              cstackBANK0  000060
?_MacExecuteCommands                                      cstackBANK0  0000B9
?_RADIO_ReadRandom                                        cstackBANK0  00006C
?_RADIO_ReceiveStart                                      cstackBANK0  0000B1
?_RADIO_Transmit                                          cstackBANK0  0000B1
?_Random                                                  cstackBANK0  0000AD
?_SendingControl                                          cstackBANK0  0000A0
?_SetAutoSending                                          cstackBANK0  00009B
?_SetSendingInterval                                      cstackBANK0  00009B
?_SwTimerReadValue                                        cstackBANK0  000091
?_SwTimersInterrupt                                       cstackBANK0  000080
?_TMR1_ReadTimer                                          cstackBANK0  000060
?_TMR_GetDeltaTime                                        cstackBANK0  000068
?_TMR_SwapTimer                                           cstackBANK0  000068
?___awdiv                                                 cstackBANK0  000060
?___lldiv                                                 cstackBANK0  000060
?___llmod                                                 cstackBANK0  00006D
?___lmul                                                  cstackBANK0  00009A
?___lwmod                                                 cstackBANK0  0000A8
?___wmul                                                  cstackBANK0  000060
?_get_head_sequence                                       cstackBANK0  000060
?_rand                                                    cstackBANK0  0000A6
?_rx_data_to_string                                       cstackBANK0  00009B
?_sprintf                                                 cstackBANK0  000076
?i2_SwTimersInterrupt                                     cstackCOMRAM 000021
?i2_TMR1_ReadTimer                                        cstackCOMRAM 000001
?i2_TMR_GetDeltaTime                                      cstackCOMRAM 000009
?i2_TMR_SwapTimer                                         cstackCOMRAM 000009
AESCmac@flag                                              cstackBANK1  000162
AESCmac@i                                                 cstackBANK1  000165
AESCmac@input                                             cstackBANK0  0000BD
AESCmac@j                                                 cstackBANK1  000164
AESCmac@k1                                                cstackBANK1  000110
AESCmac@k2                                                cstackBANK1  000100
AESCmac@key                                               cstackBANK0  0000B9
AESCmac@mLast                                             cstackBANK1  000120
AESCmac@n                                                 cstackBANK1  000163
AESCmac@output                                            cstackBANK0  0000BB
AESCmac@padded                                            cstackBANK1  000130
AESCmac@ptr                                               cstackBANK1  000160
AESCmac@size                                              cstackBANK0  0000BF
AESCmac@x                                                 cstackBANK1  000150
AESCmac@y                                                 cstackBANK1  000140
AESEncode@aux                                             cstackBANK0  000078
AESEncode@aux1                                            cstackBANK0  00007A
AESEncode@aux2                                            cstackBANK0  000079
AESEncode@aux3                                            cstackBANK0  00007B
AESEncode@block                                           cstackBANK0  000066
AESEncode@i                                               cstackBANK0  00007C
AESEncode@key                                             cstackBANK0  000068
AESEncodeLoRa@block                                       cstackBANK0  00007D
AESEncodeLoRa@key                                         cstackBANK0  00007F
AESEncodeLoRa@useKey                                      cstackBANK0  000081
AssembleEncryptionBlock@blockId                           cstackBANK0  00006F
AssembleEncryptionBlock@bufferIndex                       cstackBANK0  000073
AssembleEncryptionBlock@dir                               cstackBANK0  000072
AssembleEncryptionBlock@firstByte                         cstackBANK0  000070
AssembleEncryptionBlock@frameCounter                      cstackBANK0  00006B
AssembleEncryptionBlock@multicastStatus                   cstackBANK0  000071
AssemblePacket@buffer                                     cstackBANK0  0000C8
AssemblePacket@bufferIndex                                cstackBANK0  0000D2
AssemblePacket@bufferLength                               cstackBANK0  0000CA
AssemblePacket@confirmed                                  cstackBANK0  0000CE
AssemblePacket@fCtrl                                      cstackBANK0  0000D0
AssemblePacket@macCmdIdx                                  cstackBANK0  0000D1
AssemblePacket@mhdr                                       cstackBANK0  0000CF
AssemblePacket@port                                       cstackBANK0  0000C7
CheckFlags@hdr                                            cstackBANK0  000060
CheckMcastFlags@hdr                                       cstackBANK0  000060
ComputeMic@buffer                                         cstackBANK0  0000C9
ComputeMic@bufferLength                                   cstackBANK0  0000CB
ComputeMic@key                                            cstackBANK0  0000C7
ComputeMic@mic                                            cstackBANK0  0000CC
ComputeSessionKeys@joinAcceptBuffer                       cstackBANK0  000091
ConfigureRadio@dataRate                                   cstackBANK0  000068
ConfigureRadio@freq                                       cstackBANK0  000064
ConfigureRadioRx@dataRate                                 cstackBANK0  00006D
ConfigureRadioRx@freq                                     cstackBANK0  000069
CountfOptsLength@i                                        cstackBANK0  000067
CountfOptsLength@macCommandLength                         cstackBANK0  000066
EUSART1_Read@readValue                                    cstackBANK0  000060
EUSART1_Write@txData                                      cstackBANK0  000060
EnableChannels2@channelMask                               cstackBANK0  000065
EnableChannels2@endIndex                                  cstackBANK0  000064
EnableChannels2@i                                         cstackBANK0  00006A
EnableChannels2@startIndex                                cstackBANK0  000069
EnableChannels@channel                                    cstackBANK0  00006E
EnableChannels@channelMask                                cstackBANK0  00006B
EnableChannels@channelMaskCntl                            cstackBANK0  00006D
EnableChannels@i                                          cstackBANK0  00006F
EncKeySchedule@key                                        cstackBANK0  000060
EncodeShiftRow@stateTable                                 cstackBANK0  000060
EncodeShiftRow@temp                                       cstackBANK0  000062
EncryptFRMPayload@buffer                                  cstackBANK0  000091
EncryptFRMPayload@bufferLength                            cstackBANK0  000093
EncryptFRMPayload@bufferToBeEncrypted                     cstackBANK0  00009C
EncryptFRMPayload@dir                                     cstackBANK0  000094
EncryptFRMPayload@frameCounter                            cstackBANK0  000095
EncryptFRMPayload@i                                       cstackBANK0  0000A7
EncryptFRMPayload@j                                       cstackBANK0  0000A8
EncryptFRMPayload@k                                       cstackBANK0  0000A6
EncryptFRMPayload@key                                     cstackBANK0  000099
EncryptFRMPayload@macBufferIndex                          cstackBANK0  00009B
EncryptFRMPayload@multicastStatus                         cstackBANK0  00009E
ExecuteDevStatus@ptr                                      cstackBANK0  000060
ExecuteDutyCycle@maxDCycle                                cstackBANK0  000062
ExecuteDutyCycle@ptr                                      cstackBANK0  000060
ExecuteLinkAdr@auxChannelMask                             cstackBANK0  000074
ExecuteLinkAdr@auxMaxDataRate                             cstackBANK0  000077
ExecuteLinkAdr@auxMinDataRate                             cstackBANK0  000076
ExecuteLinkAdr@channelMask                                cstackBANK0  000079
ExecuteLinkAdr@dataRate                                   cstackBANK0  00007D
ExecuteLinkAdr@ptr                                        cstackBANK0  000070
ExecuteLinkAdr@redundancy                                 cstackBANK0  00007B
ExecuteLinkAdr@txPower                                    cstackBANK0  000078
ExecuteLinkCheck@ptr                                      cstackBANK0  000060
ExecuteNewChannel@channelIndex                            cstackBANK0  0000B8
ExecuteNewChannel@drRange                                 cstackBANK0  0000B3
ExecuteNewChannel@frequency                               cstackBANK0  0000B4
ExecuteNewChannel@ptr                                     cstackBANK0  0000AF
ExecuteRxParamSetupReq@dlSettings                         cstackBANK0  0000AE
ExecuteRxParamSetupReq@frequency                          cstackBANK0  0000AA
ExecuteRxParamSetupReq@ptr                                cstackBANK0  0000A6
ExecuteRxTimingSetup@delay                                cstackBANK0  000069
ExecuteRxTimingSetup@ptr                                  cstackBANK0  000067
ExtractMic@buffer                                         cstackBANK0  00006B
ExtractMic@bufferLength                                   cstackBANK0  00006D
ExtractMic@mic                                            cstackBANK0  000073
FillSubKey@carry                                          cstackBANK0  000066
FillSubKey@i                                              cstackBANK0  000067
FillSubKey@key                                            cstackBANK0  000062
FillSubKey@size                                           cstackBANK0  000064
FillSubKey@source                                         cstackBANK0  000060
FindSmallestDataRate@dataRate                             cstackBANK0  000063
FindSmallestDataRate@found                                cstackBANK0  000061
FindSmallestDataRate@i                                    cstackBANK0  000062
GenerateKRFrequency@channelFrequency                      cstackBANK0  0000AA
GenerateKRFrequency@channelIndex                          cstackBANK0  0000AE
GenerateSubkey@F7103                                      dataBANK4    0004DD
GenerateSubkey@const_Rb                                   cstackBANK0  000098
GenerateSubkey@i                                          cstackBANK0  0000B8
GenerateSubkey@k1                                         cstackBANK0  000093
GenerateSubkey@k2                                         cstackBANK0  000095
GenerateSubkey@key                                        cstackBANK0  000091
GenerateSubkey@l                                          cstackBANK0  0000A8
GetRx1Freq@channelIndex                                   cstackBANK0  0000E5
GetRx1Freq@result_buffer                                  cstackBANK0  0000B3
Get_SwitchValue@value                                     cstackBANK0  000060
HALResetPinOutputValue@value                              cstackBANK0  000060
HALSPISend@data                                           cstackBANK0  000061
INT0_SetInterruptHandler@InterruptHandler                 cstackBANK0  000060
INT1_SetInterruptHandler@InterruptHandler                 cstackBANK0  000060
INT2_SetInterruptHandler@InterruptHandler                 cstackBANK0  000060
INTERRUPT_GetDioStatus@a                                  cstackBANK0  000060
IOCB4_SetInterruptHandler@InterruptHandler                cstackBANK0  000060
IncludeMacCommandsResponse@bIncludeInFopts                cstackBANK0  000064
IncludeMacCommandsResponse@bufferIndex                    cstackBANK0  00006E
IncludeMacCommandsResponse@i                              cstackBANK0  00006D
IncludeMacCommandsResponse@macBuffer                      cstackBANK0  000060
IncludeMacCommandsResponse@pBufferIndex                   cstackBANK0  000062
InterpretServerCommands@data_length                       cstackBANK0  0000D3
InterpretServerCommands@fPort                             cstackBANK0  0000D4
InterpretServerCommands@pData                             cstackBANK0  0000D1
InterpretSktJoinMessage@app_data                          cstackBANK1  000100
InterpretSktJoinMessage@message                           cstackBANK0  00009B
InterpretSktJoinMessage@test                              cstackBANK0  00009F
JoinABP@appSKey                                           bssBANK5     000574
JoinABP@devAddr                                           bssBANK2     000210
JoinABP@nwkSKey                                           bssBANK5     000584
JoinOTAA@appEui                                           dataBANK3    0003E7
JoinOTAA@devEui                                           dataBANK3    0003EF
LORAWAN_GetMaxPayloadSize@macCommandsLength               cstackBANK0  000069
LORAWAN_GetMaxPayloadSize@result                          cstackBANK0  00006A
LORAWAN_Init@RxJoinResponse                               cstackBANK0  0000B7
LORAWAN_Init@RxPayload                                    cstackBANK0  0000B5
LORAWAN_Join@activationTypeNew                            cstackBANK0  0000DC
LORAWAN_Join@bufferIndex                                  cstackBANK0  0000DB
LORAWAN_Join@result                                       cstackBANK0  0000DD
LORAWAN_LinkCheckConfigure@iCtr                           cstackBANK0  0000B2
LORAWAN_LinkCheckConfigure@period                         cstackBANK0  0000A6
LORAWAN_RxDone@buffer                                     cstackBANK1  0001FA
LORAWAN_RxDone@bufferIndex                                cstackBANK0  0000E9
LORAWAN_RxDone@bufferLength                               cstackBANK1  0001FC
LORAWAN_RxDone@channelIndex                               cstackBANK0  0000E3
LORAWAN_RxDone@computedMic                                cstackBANK0  0000ED
LORAWAN_RxDone@extractedMic                               cstackBANK0  0000E5
LORAWAN_RxDone@fPort                                      cstackBANK0  0000E2
LORAWAN_RxDone@frmPayloadLength                           cstackBANK0  0000F3
LORAWAN_RxDone@hdr                                        cstackBANK0  0000F4
LORAWAN_RxDone@joinAccept                                 cstackBANK0  0000F1
LORAWAN_RxDone@mhdr                                       cstackBANK0  0000E4
LORAWAN_RxDone@packet                                     cstackBANK0  0000EB
LORAWAN_RxDone@ptr                                        cstackBANK0  0000E0
LORAWAN_RxDone@temp                                       cstackBANK0  0000EA
LORAWAN_Send@buffer                                       cstackBANK0  0000D4
LORAWAN_Send@bufferLength                                 cstackBANK0  0000D6
LORAWAN_Send@confirmed                                    cstackBANK0  0000D8
LORAWAN_Send@port                                         cstackBANK0  0000D3
LORAWAN_Send@result                                       cstackBANK0  0000D9
LORAWAN_SetAdr@status                                     cstackBANK0  0000AA
LORAWAN_SetApplicationSessionKey@applicationSessionKeyNew cstackBANK0  0000A6
LORAWAN_SetChannelIdStatus@channelId                      cstackBANK0  000066
LORAWAN_SetChannelIdStatus@result                         cstackBANK0  000065
LORAWAN_SetChannelIdStatus@statusNew                      cstackBANK0  000064
LORAWAN_SetCurrentDataRate@valueNew                       cstackBANK0  0000AA
LORAWAN_SetDataRange@channelId                            cstackBANK0  000068
LORAWAN_SetDataRange@dataRangeNew                         cstackBANK0  000066
LORAWAN_SetDataRange@result                               cstackBANK0  000067
LORAWAN_SetDeviceAddress@deviceAddressNew                 cstackBANK0  0000A6
LORAWAN_SetNetworkSessionKey@networkSessionKeyNew         cstackBANK0  0000A6
LORAWAN_SetTxPower@result                                 cstackBANK0  0000AA
LORAWAN_SetTxPower@txPowerNew                             cstackBANK0  0000AB
LORAWAN_TxDone@delta                                      cstackBANK0  0000E2
LORAWAN_TxDone@i                                          cstackBANK0  0000E6
LORAWAN_TxDone@timeOnAir                                  cstackBANK0  0000DB
LedControl@data_length                                    cstackBANK0  000062
LedControl@pData                                          cstackBANK0  000060
MacExecuteCommands@buffer                                 cstackBANK0  0000B9
MacExecuteCommands@done                                   cstackBANK0  0000BE
MacExecuteCommands@fOptsLen                               cstackBANK0  0000BB
MacExecuteCommands@ptr                                    cstackBANK0  0000BF
Meter_LORA_Communicate@count                              cstackBANK2  0002C6
Meter_LORA_Communicate@prev_result                        cstackBANK2  0002CA
Meter_LORA_Communicate@result                             cstackBANK2  0002CB
PrepareJoinRequestFrame@bufferIndex                       cstackBANK0  0000DA
PrepareJoinRequestFrame@iCtr                              cstackBANK0  0000D9
PrepareJoinRequestFrame@mhdr                              cstackBANK0  0000D8
PrepareJoinRequestFrame@mic                               cstackBANK0  0000D4
PrepareSessionKeys@appNonce                               cstackBANK0  00006D
PrepareSessionKeys@index                                  cstackBANK0  000071
PrepareSessionKeys@networkId                              cstackBANK0  00006F
PrepareSessionKeys@sessionKey                             cstackBANK0  00006B
RADIO_DIO0@dioMapping                                     cstackBANK0  0000FA
RADIO_DIO0@opMode                                         cstackBANK0  0000FB
RADIO_DIO1@dioMapping                                     cstackBANK0  0000E0
RADIO_DIO2@dioMapping                                     cstackBANK0  000085
RADIO_DIO2@opMode                                         cstackBANK0  000084
RADIO_DIO3@dioMapping                                     cstackBANK0  000066
RADIO_DIO4@dioMapping                                     cstackBANK0  000067
RADIO_DIO5@dioMapping                                     cstackBANK0  000066
RADIO_FHSSChangeChannel@irqFlags                          cstackBANK0  000082
RADIO_FSKPacketSent@irqFlags                              cstackBANK0  0000F3
RADIO_FSKPacketSent@timeOnAir                             cstackBANK0  0000EB
RADIO_FSKPayloadReady@i                                   cstackBANK0  0000F7
RADIO_FSKPayloadReady@irqFlags                            cstackBANK0  0000F6
RADIO_Init@cnt                                            cstackBANK0  000089
RADIO_Init@frequency                                      cstackBANK0  000084
RADIO_Init@radioBuffer                                    cstackBANK0  000082
RADIO_ReadRandom@i                                        cstackBANK0  000071
RADIO_ReadRandom@retVal                                   cstackBANK0  00006F
RADIO_ReceiveStart@rxWindowSize                           cstackBANK0  0000B1
RADIO_RegisterRead@readValue                              cstackBANK0  000063
RADIO_RegisterRead@reg                                    cstackBANK0  000062
RADIO_RegisterWrite@reg                                   cstackBANK0  000063
RADIO_RegisterWrite@value                                 cstackBANK0  000062
RADIO_RxDone@i                                            cstackBANK0  0000F7
RADIO_RxDone@irqFlags                                     cstackBANK0  0000F6
RADIO_SetBandwidth@bandwidth                              cstackBANK0  000060
RADIO_SetCRC@crc                                          cstackBANK0  000060
RADIO_SetChannelFrequency@frequency                       cstackBANK0  000060
RADIO_SetFrequencyHopPeriod@frequencyHopPeriod            cstackBANK0  000060
RADIO_SetIQInverted@iqInverted                            cstackBANK0  000060
RADIO_SetLoRaSyncWord@syncWord                            cstackBANK0  000060
RADIO_SetModulation@modulation                            cstackBANK0  000060
RADIO_SetOutputPower@power                                cstackBANK0  000060
RADIO_SetPABoost@paBoost                                  cstackBANK0  000060
RADIO_SetSpreadingFactor@spreadingFactor                  cstackBANK0  000060
RADIO_Transmit@buffer                                     cstackBANK0  0000B1
RADIO_Transmit@bufferLen                                  cstackBANK0  0000B3
RADIO_Transmit@i                                          cstackBANK0  0000C1
RADIO_Transmit@regValue                                   cstackBANK0  0000C0
RADIO_TxDone@timeOnAir                                    cstackBANK0  0000EB
RADIO_UnhandledInterrupt@modulation                       cstackBANK0  000064
RADIO_WriteConfiguration@i                                cstackBANK0  0000AB
RADIO_WriteConfiguration@regValue                         cstackBANK0  0000B0
RADIO_WriteConfiguration@symbolTimeout                    cstackBANK0  0000A6
RADIO_WriteConfiguration@tempValue                        cstackBANK0  0000AC
RADIO_WriteFSKBitRate@bitRate                             cstackBANK0  00006D
[...]
		Nothing
 This function is called by:
		_INTERRUPT_InterruptManager
 This function uses a non-reentrant model



MODULE INFORMATION

Module		Function		Class		Link	Load	Size
mcc_generated_files/LoRaWAN/lorawan.c
		_UpdateReceiveWindow2Parameters		CODE           	8DFE	0000	23
		_ExecuteRxTimingSetup		CODE           	8922	0000	41
		_ComputeMic    		CODE           	7690	0000	99
		_SetReceptionNotOkState		CODE           	72C0	0000	121
		_PrepareJoinRequestFrame		CODE           	4220	0000	401
		_LORAWAN_ReceiveWindow2Callback		CODE           	6268	0000	213
		_LORAWAN_LinkCheckConfigure		CODE           	4968	0000	351
		_LORAWAN_SetApplicationSessionKey		CODE           	87EE	0000	47
		_CountfOptsLength		CODE           	633C	0000	203
		_AssembleEncryptionBlock		CODE           	5A54	0000	245
		_UpdateCurrentDataRate		CODE           	8F74	0000	11
		_UnconfirmedTransmissionCallback		CODE           	7338	0000	117
		_LORAWAN_SetNetworkSessionKey		CODE           	881C	0000	47
		_MacExecuteCommands		CODE           	271E	0000	759
		_IncludeMacCommandsResponse		CODE           	1818	0000	1123
		_LORAWAN_SetTxPower		CODE           	88A4	0000	45
		_LORAWAN_GetMaxPayloadSize		CODE           	77B4	0000	97
		_CheckMcastFlags		CODE           	71C4	0000	131
		_SetJoinFailState		CODE           	87C0	0000	47
		_LORAWAN_SetCurrentDataRate		CODE           	8466	0000	57
		_AckRetransmissionCallback		CODE           	533A	0000	281
		_PrepareSessionKeys		CODE           	692E	0000	173
		_UpdateMinMaxChDataRate		CODE           	5D28	0000	235
		_EncryptFRMPayload		CODE           	3CE6	0000	473
		_ResetParametersForUnconfirmedTransmission		CODE           	8E14	0000	21
		_AutomaticReplyCallback		CODE           	89C2	0000	39
		_ResetParametersForConfirmedTransmission		CODE           	8E3C	0000	19
		_FindSmallestDataRate		CODE           	60BC	0000	215
		_LORAWAN_SetDeviceAddress		CODE           	8DB6	0000	25
		_UpdateTxPower 		CODE           	8F7E	0000	11
		_CheckFlags    		CODE           	7932	0000	95
		_ExtractMic    		CODE           	7AA6	0000	91
		_LORAWAN_ReceiveWindow1Callback		CODE           	6710	0000	185
		_LORAWAN_Send  		CODE           	595C	0000	249
		_LORAWAN_Join  		CODE           	6594	0000	195
		_ConfigureRadioRx		CODE           	88D0	0000	43
		_UpdateReceiveDelays		CODE           	8140	0000	67
		_ComputeSessionKeys		CODE           	70BA	0000	135
		_LORAWAN_LinkCheckCallback		CODE           	452E	0000	365
		_UpdateJoinSuccessState		CODE           	4D60	0000	317
		_LORAWAN_EnterContinuousReceive		CODE           	7246	0000	123
		_ExecuteLinkCheck		CODE           	860C	0000	51
		_LORAWAN_Mainloop		CODE           	8576	0000	51
		_AssemblePacket		CODE           	1C7A	0000	945
		_UpdateRetransmissionAckTimeoutState		CODE           	73AC	0000	115
		_Random        		CODE           	8B24	0000	35
		_LORAWAN_RxDone		CODE           	00A8	0000	3207
		_LORAWAN_SetAdr		CODE           	8B86	0000	33
		_UpdateJoinInProgress		CODE           	8D84	0000	27

mcc_generated_files/LoRaWAN/lorawan.c estimated size: 11999

C:\Program Files (x86)\Microchip\xc8\v1.44\sources\common\lwmod.c
		___lwmod       		CODE           	80B8	0000	69

C:\Program Files (x86)\Microchip\xc8\v1.44\sources\common\lwmod.c estimated size: 69

C:\Program Files (x86)\Microchip\xc8\v1.44\sources\common\abdiv.c
		___abdiv       		CODE           	75C8	0000	103

C:\Program Files (x86)\Microchip\xc8\v1.44\sources\common\abdiv.c estimated size: 103

C:\Program Files (x86)\Microchip\xc8\v1.44\sources\common\memset.c
		_memset        		CODE           	8760	0000	49

C:\Program Files (x86)\Microchip\xc8\v1.44\sources\common\memset.c estimated size: 49

mcc_generated_files/LoRaWAN/interrupt_manager_lora_addons.c
		_INTERRUPT_GetDioStatus		CODE           	8E28	0000	21
		_DIO0_ISR_Lora 		CODE           	9012	0000	7
		_DIO1_ISR_Lora 		CODE           	900C	0000	7
		_DIO2_ISR_Lora 		CODE           	9006	0000	7

mcc_generated_files/LoRaWAN/interrupt_manager_lora_addons.c estimated size: 42

mcc_generated_files/LoRaWAN/lorawan_aes.c
		_AESEncodeLoRa 		CODE           	850C	0000	55

mcc_generated_files/LoRaWAN/lorawan_aes.c estimated size: 55

delay.c
		_delay_seconds 		CODE           	7E38	0000	77

delay.c estimated size: 77

C:\Program Files (x86)\Microchip\xc8\v1.44\sources\common\llmod.c
		___llmod       		CODE           	74F8	0000	105

C:\Program Files (x86)\Microchip\xc8\v1.44\sources\common\llmod.c estimated size: 105

interrupt_enable.h
		_interrupt_enable		CODE           	8FE8	0000	7

interrupt_enable.h estimated size: 7

mcc_generated_files/LoRaWAN/sw_timer.c
		_SwTimerStop   		CODE           	8972	0000	41
		_SwTimerStart  		CODE           	6BB4	0000	151
		_TMR_GetDeltaTime		CODE           	4086	0000	411
		_SwTimerReadValue		CODE           	8244	0000	65
		_SwTimerCreate 		CODE           	6E94	0000	141
		_TMR_OverrideRemaining		CODE           	6C4A	0000	151
		_TMR_SwapTimer 		CODE           	7ED0	0000	75
		_SwTimerSetCallback		CODE           	7FEC	0000	69
		_SwTimerSetTimeout		CODE           	8074	0000	69
		_SwTimersInterrupt		CODE           	565E	0000	259
		_SystemBlockingWaitMs		CODE           	8730	0000	49
		_SwTimersExecute		CODE           	5E12	0000	231
		_SystemTimerInit		CODE           	8FEE	0000	7

mcc_generated_files/LoRaWAN/sw_timer.c estimated size: 1719

mcc_generated_files/interrupt_manager.c
		_INTERRUPT_Initialize		CODE           	9020	0000	5
		_INTERRUPT_InterruptManager		CODE           	0008	0000	153

mcc_generated_files/interrupt_manager.c estimated size: 158

mcc_generated_files/pin_manager.c
		_IOCB4_DefaultInterruptHandler		CODE           	904E	0000	3
		_PIN_MANAGER_Initialize		CODE           	7C06	0000	85
		_PIN_MANAGER_IOC		CODE           	8FCE	0000	11
		_IOCB4_SetInterruptHandler		CODE           	8F2E	0000	11
		_IOCB4_ISR     		CODE           	8C26	0000	33

mcc_generated_files/pin_manager.c estimated size: 143

C:\Program Files (x86)\Microchip\xc8\v1.44\sources\common\doprnt.c
		_sprintf       		CODE           	0D2E	0000	1515

C:\Program Files (x86)\Microchip\xc8\v1.44\sources\common\doprnt.c estimated size: 1515

C:\Program Files (x86)\Microchip\xc8\v1.44\sources\common\memcpy.c
		_memcpy        		CODE           	7874	0000	97

C:\Program Files (x86)\Microchip\xc8\v1.44\sources\common\memcpy.c estimated size: 97

Join.c
		_JoinABP       		CODE           	849E	0000	57

Join.c estimated size: 57

C:\Program Files (x86)\Microchip\xc8\v1.44\sources\common\lldiv.c
		___lldiv       		CODE           	7140	0000	133

C:\Program Files (x86)\Microchip\xc8\v1.44\sources\common\lldiv.c estimated size: 133

mcc_generated_files/LoRaWAN/lorawan_init.c
		_DIO0_ISR_Lora_Init		CODE           	8EC2	0000	17
		_DIO1_ISR_Lora_Init		CODE           	8EB2	0000	17
		_DIO2_ISR_Lora_Init		CODE           	8EA2	0000	17
		_DIO3_ISR_Lora_Init		CODE           	9042	0000	3
		_DIO4_ISR_Lora_Init		CODE           	9040	0000	3
		_LORAWAN_PlatformInit		CODE           	8A9C	0000	35
		_DIO5_ISR_Lora_Init		CODE           	8E92	0000	17

mcc_generated_files/LoRaWAN/lorawan_init.c estimated size: 109

mcc_generated_files/LoRaWAN/radio_driver_hal.c
		_HALDIO5PinValue		CODE           	8F18	0000	13
		_HALResetPinMakeInput		CODE           	9034	0000	5
		_HALResetPinMakeOutput		CODE           	9030	0000	5
		_HALResetPinOutputValue		CODE           	8D6A	0000	27
		_HALSPISend    		CODE           	8EFE	0000	15
		_HALSPICSDeassert		CODE           	9038	0000	5
		_HALSPICSAssert		CODE           	903C	0000	5

mcc_generated_files/LoRaWAN/radio_driver_hal.c estimated size: 75

InterpretServerCommands.c
		_rx_data_to_string		CODE           	6B1C	0000	153
		_InterpretServerCommands		CODE           	6CE0	0000	149

InterpretServerCommands.c estimated size: 302

mcc_generated_files/LoRaWAN/lorawan_na.c
		_ExecuteNewChannel		CODE           	3EBE	0000	457
		_ExecuteLinkAdr		CODE           	2A14	0000	729
		_UpdateDataRange		CODE           	8A0E	0000	37
		_ValidateChannelMaskCntl		CODE           	8B66	0000	33
		_LORAWAN_RxTimeout		CODE           	78D4	0000	95
		_Retransmissions		CODE           	4FCC	0000	303
		_ValidateChannelId		CODE           	8CC2	0000	31
		_InitDefault922Channels		CODE           	8030	0000	69
		_LORAWAN_SetDataRange		CODE           	8542	0000	53
		_SelectChannelForTransmission		CODE           	555C	0000	259
		_ValidateChannelMask		CODE           	83F2	0000	61
		_ValidateDataRate		CODE           	8DCE	0000	25
		_UpdateCurrentDataRateAfterDataRangeChanges		CODE           	8D50	0000	27
		_ValidateRxOffset		CODE           	8D9E	0000	25
		_ValidateDataRange		CODE           	8182	0000	67
		_SetCallbackSoftwareTimers		CODE           	5FDE	0000	223
		_StartReTxTimer		CODE           	9046	0000	3
		_SearchAvailableChannel		CODE           	5452	0000	267
		_EnableChannels		CODE           	6656	0000	187
		_ValidateFrequency		CODE           	741E	0000	113
		_EnableChannels2		CODE           	7FA8	0000	69
		_ExecuteRxParamSetupReq		CODE           	38E4	0000	533
		_UpdateDLSettings		CODE           	8CFE	0000	29
		_GetRx1Freq    		CODE           	762E	0000	99
		_ValidateTxPower		CODE           	8DE6	0000	25
		_LORAWAN_Init  		CODE           	7814	0000	97
		_LORAWAN_Reset 		CODE           	43B0	0000	383
		_GenerateKRFrequency		CODE           	7CFE	0000	81
		_ExecuteDutyCycle		CODE           	89E8	0000	39
		_TransmissionErrorCallback		CODE           	6A82	0000	155
		_UpdateCfList  		CODE           	9044	0000	3
		_LORAWAN_SetChannelIdStatus		CODE           	8700	0000	49
		_StopAllSoftwareTimers		CODE           	7C5A	0000	83
		_UpdateChannelIdStatus		CODE           	8A32	0000	37
		_ConfigureRadio		CODE           	79EE	0000	93
		_LORAWAN_TxDone		CODE           	2CEC	0000	707
		_ExecuteDevStatus		CODE           	8F6A	0000	11
		_CreateAllSoftwareTimers		CODE           	7CAC	0000	83

mcc_generated_files/LoRaWAN/lorawan_na.c estimated size: 5640

mcc_generated_files/LoRaWAN/lorawan_aes_cmac.c
		_GenerateSubkey		CODE           	4C14	0000	333
		_AESCmac       		CODE           	202A	0000	939
		_FillSubKey    		CODE           	76F2	0000	99

mcc_generated_files/LoRaWAN/lorawan_aes_cmac.c estimated size: 1371

C:\Program Files (x86)\Microchip\xc8\v1.44\sources\common\Umul16.c
		___wmul        		CODE           	894A	0000	41

C:\Program Files (x86)\Microchip\xc8\v1.44\sources\common\Umul16.c estimated size: 41

mcc_generated_files/LoRaWAN/radio_driver_SX1276.c
		_RADIO_ReceiveStart		CODE           	3494	0000	563
		_RADIO_Init    		CODE           	3AF8	0000	495
		_RADIO_SetSpreadingFactor		CODE           	8F92	0000	11
		_RADIO_WriteConfiguration		CODE           	1318	0000	1281
		_RADIO_RxFSKTimeout		CODE           	8300	0000	63
		_RADIO_SetPABoost		CODE           	8F88	0000	11
		_RADIO_WriteFSKBitRate		CODE           	7560	0000	105
		_RADIO_WriteMode		CODE           	5760	0000	255
		_RADIO_Reset   		CODE           	7F62	0000	71
		_RADIO_GetStatus		CODE           	9000	0000	7
		_RADIO_RxDone  		CODE           	5EF8	0000	231
		_RADIO_WriteFSKFrequencyDeviation		CODE           	748E	0000	107
		_RADIO_GetPacketSnr		CODE           	8FFA	0000	7
		_RADIO_SetModulation		CODE           	8F56	0000	11
		_RADIO_RegisterWrite		CODE           	8BE6	0000	33
		_RADIO_ReadRandom		CODE           	69DA	0000	169
		_RADIO_ReleaseData		CODE           	8FF4	0000	7
		_RADIO_FSKPacketSent		CODE           	4E9C	0000	305
		_RADIO_RegisterRead		CODE           	899A	0000	41
		_RADIO_SetBandwidth		CODE           	8FC4	0000	11
		_RADIO_ReceiveStop		CODE           	8AE0	0000	35
		_RADIO_DIO0    		CODE           	6D74	0000	145
		_RADIO_DIO1    		CODE           	7D9C	0000	79
		_RADIO_DIO2    		CODE           	7BB0	0000	87
		_RADIO_DIO3    		CODE           	8ABE	0000	35
		_RADIO_DIO4    		CODE           	85A8	0000	51
		_RADIO_DIO5    		CODE           	88FA	0000	41
		_RADIO_FHSSChangeChannel		CODE           	8204	0000	65
		_RADIO_TxDone  		CODE           	50FA	0000	297
		_RADIO_SetFrequencyHopPeriod		CODE           	8F60	0000	11
		_RADIO_FSKPayloadReady		CODE           	67C8	0000	183
		_RADIO_SetLoRaSyncWord		CODE           	8FA6	0000	11
		_RADIO_SetIQInverted		CODE           	8FB0	0000	11
		_RADIO_RxTimeout		CODE           	86D0	0000	49
		_RADIO_WritePower		CODE           	5B48	0000	241
		_RADIO_SetOutputPower		CODE           	8F9C	0000	11
		_RADIO_WatchdogTimeout		CODE           	7F1A	0000	73
		_RADIO_SetChannelFrequency		CODE           	6FAA	0000	139
		_RADIO_Transmit		CODE           	325A	0000	571
		_RADIO_UnhandledInterrupt		CODE           	85DA	0000	51
		_RADIO_SetCRC  		CODE           	8FBA	0000	11
		_RADIO_WriteFrequency		CODE           	5C38	0000	241

mcc_generated_files/LoRaWAN/radio_driver_SX1276.c estimated size: 6222

mcc_generated_files/ext_int.c
		_INT0_SetInterruptHandler		CODE           	8F4C	0000	11
		_INT1_SetInterruptHandler		CODE           	8F42	0000	11
		_EXT_INT_Initialize		CODE           	83B6	0000	61
		_INT2_SetInterruptHandler		CODE           	8F38	0000	11
		_INT1_DefaultInterruptHandler		CODE           	9052	0000	3
		_INT1_CallBack 		CODE           	8C66	0000	33
		_INT2_DefaultInterruptHandler		CODE           	9050	0000	3
		_INT2_CallBack 		CODE           	8C46	0000	33
		_INT1_ISR      		CODE           	8FE0	0000	9
		_INT2_ISR      		CODE           	8FD8	0000	9

mcc_generated_files/ext_int.c estimated size: 184

C:\Program Files (x86)\Microchip\xc8\v1.44\sources\common\rand.c
		_srand         		CODE           	8ED2	0000	17
		_rand          		CODE           	7A4A	0000	93

C:\Program Files (x86)\Microchip\xc8\v1.44\sources\common\rand.c estimated size: 110

mcc_generated_files/LoRaWAN/tmr_lora_addons.c
		_TMR_ISR_Lora_Init		CODE           	8E82	0000	17
		_TMR_ISR_lora  		CODE           	7B58	0000	89

mcc_generated_files/LoRaWAN/tmr_lora_addons.c estimated size: 106

shared
		_debug_get_arrays		MEDIUMCONST    	FB2E	0000	5
		_sys_command_arrays		MEDIUMCONST    	FB42	0000	5
		_kevin_lab_tx_arrays		MEDIUMCONST    	FB1A	0000	5
		_spreadingFactor		MEDIUMCONST    	FA3A	0000	7
		_array_of_debug_string_and_array		MEDIUMCONST    	FAF2	0000	9
		_array_of_debug_get_string_and_functions		MEDIUMCONST    	FAD6	0000	13
		_maxPayloadSize		MEDIUMCONST    	FA4C	0000	7
		_dpowers       		MEDIUMCONST    	F9E3	0000	41
		_array_of_debug_string_and_functions		MEDIUMCONST    	FB2A	0000	5
		_DefaultChannels922		MEDIUMCONST    	FA7C	0000	27
		_array_of_debug_get_string_and_array		MEDIUMCONST    	FB32	0000	5
		_array_of_kevin_lab_tx_string_and_fucntions		MEDIUMCONST    	FAEA	0000	9
		_rxWindowSize  		MEDIUMCONST    	FA52	0000	7
		i2_TMR_SwapTimer		CODE           	80FC	0000	69
		i2_TMR1_ReadTimer		CODE           	8CE0	0000	31
		_array_of_skt_string_and_array		MEDIUMCONST    	FB22	0000	5
		_array_of_sys_string_and_array		MEDIUMCONST    	FB02	0000	9
		_mac_tx_arrays 		MEDIUMCONST    	FB3E	0000	5
		_macEndDevCmdReplyLen		MEDIUMCONST    	FA33	0000	8
		__initialization		CODE           	4AC6	0000	329
		_array_of_sys_get_string_and_fucntions		MEDIUMCONST    	FB0A	0000	9
		i2_TMR1_WriteTimer		CODE           	8D1A	0000	29
		_array_of_mac_string_and_arrays		MEDIUMCONST    	FB3A	0000	5
		_sys_get_arrays		MEDIUMCONST    	FB46	0000	5
		_rxWindowOffset		MEDIUMCONST    	FA46	0000	7
		_debug_command_arrays		MEDIUMCONST    	FB26	0000	5
		_hexpowers     		MEDIUMCONST    	FA0B	0000	33
		_STable        		MEDIUMCONST    	F8E3	0000	257
		_array_of_mac_string_and_functions		MEDIUMCONST    	FA58	0000	37
		_array_of_skt_string_and_functions		MEDIUMCONST    	FAAE	0000	21
		_array_of_sys_string_and_functions		MEDIUMCONST    	FAC2	0000	21
		_txPowerUpper922		MEDIUMCONST    	FA40	0000	7
		_txPowerLower922		MEDIUMCONST    	FA2B	0000	9
		_mac_command_arrays		MEDIUMCONST    	FB36	0000	5
		_mac_tx_string_and_functions		MEDIUMCONST    	FAFA	0000	9
		_skt_command_arrays		MEDIUMCONST    	FB1E	0000	5
		_kevin_lab_command_arrays		MEDIUMCONST    	FB12	0000	5
		_array_of_kevin_lab_string_and_functions		MEDIUMCONST    	FB16	0000	5
		i2_SwTimersInterrupt		CODE           	585E	0000	255
		get_head_sequence@watt_head		MEDIUMCONST    	FB4A	0000	4
		_command_array_of_string_and_arrays		MEDIUMCONST    	FA96	0000	25
		_array_of_kevin_lab_string_and_array		MEDIUMCONST    	FAE2	0000	9
		i2_TMR_GetDeltaTime		CODE           	469A	0000	363

shared estimated size: 1731

mcc_generated_files/eusart1.c
		_EUSART1_Initialize		CODE           	84D6	0000	55
		_EUSART1_Read  		CODE           	82C2	0000	63
		_EUSART1_Write 		CODE           	8284	0000	63
		_EUSART1_Receive_ISR		CODE           	884A	0000	47
		_EUSART1_Transmit_ISR		CODE           	8790	0000	49

mcc_generated_files/eusart1.c estimated size: 277

validate_head_data.c
		_get_head_sequence		CODE           	8878	0000	45
		_validate_head_data		CODE           	687E	0000	177

validate_head_data.c estimated size: 222

C:\Program Files (x86)\Microchip\xc8\v1.44\sources\common\awdiv.c
		___awdiv       		CODE           	7034	0000	135

C:\Program Files (x86)\Microchip\xc8\v1.44\sources\common\awdiv.c estimated size: 135

mcc_generated_files/mcc.c
		_OSCILLATOR_Initialize		CODE           	8EF0	0000	15
		_SYSTEM_Initialize		CODE           	8A7A	0000	35

mcc_generated_files/mcc.c estimated size: 50

Meter_LORA_Communicate.c
		_Get_SwitchValue		CODE           	8F0C	0000	13
		_Meter_LORA_Communicate		CODE           	7D4E	0000	79
		_SetAutoSending		CODE           	7E84	0000	77
		_SendingControl		CODE           	6406	0000	201
		_meter_receive_callback		CODE           	5222	0000	281
		_meter_request_callback		CODE           	86A0	0000	49
		_lora_send_meter_data		CODE           	36C6	0000	543
		_SetSendingInterval		CODE           	863E	0000	51

Meter_LORA_Communicate.c estimated size: 1294

meter_protocol.c
		_meter_rs485_enable		CODE           	9024	0000	5
		_meter_request_data		CODE           	6F20	0000	139
		_get_request_length		CODE           	8D36	0000	27
		_get_length    		CODE           	8A56	0000	37
		_meter_rs485_disable		CODE           	9028	0000	5

meter_protocol.c estimated size: 213

mcc_generated_files/tmr1.c
		_TMR1_Initialize		CODE           	8670	0000	49
		_TMR1_SetInterruptHandler		CODE           	8F24	0000	11
		_TMR1_DefaultInterruptHandler		CODE           	904C	0000	3
		_TMR1_CallBack 		CODE           	8C06	0000	33
		_TMR1_WriteTimer		CODE           	8BA6	0000	33
		_TMR1_StartTimer		CODE           	901C	0000	5
		_TMR1_ReadTimer		CODE           	8BC6	0000	33
		_TMR1_ISR      		CODE           	8E60	0000	19

mcc_generated_files/tmr1.c estimated size: 186

C:\Program Files (x86)\Microchip\xc8\v1.44\sources\common\isdigit.c
		_isdigit       		CODE           	8B02	0000	35

C:\Program Files (x86)\Microchip\xc8\v1.44\sources\common\isdigit.c estimated size: 35

C:\Program Files (x86)\Microchip\xc8\v1.44\sources\common\Umul32.c
		___lmul        		CODE           	7B00	0000	89

C:\Program Files (x86)\Microchip\xc8\v1.44\sources\common\Umul32.c estimated size: 89

mcc_generated_files/LoRaWAN/AES.c
		_AESEncode     		CODE           	23D4	0000	843
		_EncKeySchedule		CODE           	2FAE	0000	685
		_EncodeShiftRow		CODE           	4804	0000	357

mcc_generated_files/LoRaWAN/AES.c estimated size: 1885

UART_Print_Functions.c
		_UART_Put_String		CODE           	904A	0000	3
		_UART_Put_Line 		CODE           	9048	0000	3

UART_Print_Functions.c estimated size: 6

mcc_generated_files/spi2.c
		_SPI2_Exchange8bit		CODE           	8E4E	0000	19
		_SPI2_Initialize		CODE           	8EE2	0000	15

mcc_generated_files/spi2.c estimated size: 34

Timer_In_LoRaMote.c
		_StartTimer    		CODE           	64CE	0000	199

Timer_In_LoRaMote.c estimated size: 199

main.c
		_main          		CODE           	837A	0000	61

main.c estimated size: 61

led.c
		_RedLedOnCallback		CODE           	902C	0000	5
		_GreenLedBlinkCallback		CODE           	8CA4	0000	31
		_LedControl    		CODE           	7990	0000	95
		_GreenLedBlink 		CODE           	8C86	0000	31

led.c estimated size: 162

RxFunctions.c
		_RxData        		CODE           	6E04	0000	145
		_RxJoinResponse		CODE           	842E	0000	57

RxFunctions.c estimated size: 202

skt_commands.c
		_InterpretSktJoinMessage		CODE           	6192	0000	215

skt_commands.c estimated size: 215

